// Jest Snapshot v1, https://goo.gl/fbAQLP

exports[`Label font renders correctly 1`] = `
.c0 {
  font-family: Ruluko;
  font-size: 20px;
}

<label
  className="c0"
/>
`;
