// Jest Snapshot v1, https://goo.gl/fbAQLP

exports[`Input border-radius renders correctly 1`] = `
.c0 {
  border-radius: 10px;
  padding: 5px;
  margin-top: 5px;
  margin-bottom: 7px;
}

<input
  className="c0"
/>
`;
